// Jest Snapshot v1, https://goo.gl/fbAQLP

exports[`getParameters gets the parameter 1`] = `
"┌───────────┬─────────────────────┬─────────────┬─────────────────────────────────────────────────┬─────────┐
│ Name      │ Value               │ Environment │ Updated by                                      │ Version │
├───────────┼─────────────────────┼─────────────┼─────────────────────────────────────────────────┼─────────┤
│ Vault_713 │ Philosopher's Stone │ production  │ Sunday, April 26th, 2020, 2:03:31 AM (GMT+0000) │ 1       │
└───────────┴─────────────────────┴─────────────┴─────────────────────────────────────────────────┴─────────┘"
`;
