// Jest Snapshot v1, https://goo.gl/fbAQLP

exports[`getParameters gets the parameter 1`] = `
"[90m┌───────────[39m[90m┬─────────────────────[39m[90m┬─────────────[39m[90m┬─────────────────────────────────────────────────[39m[90m┬─────────┐[39m
[90m│[39m[31m Name      [39m[90m│[39m[31m Value               [39m[90m│[39m[31m Environment [39m[90m│[39m[31m Updated by                                      [39m[90m│[39m[31m Version [39m[90m│[39m
[90m├───────────[39m[90m┼─────────────────────[39m[90m┼─────────────[39m[90m┼─────────────────────────────────────────────────[39m[90m┼─────────┤[39m
[90m│[39m Vault_713 [90m│[39m Philosopher's Stone [90m│[39m production  [90m│[39m Sunday, April 26th, 2020, 2:03:31 AM (GMT+0000) [90m│[39m 1       [90m│[39m
[90m└───────────[39m[90m┴─────────────────────[39m[90m┴─────────────[39m[90m┴─────────────────────────────────────────────────[39m[90m┴─────────┘[39m"
`;
