// Jest Snapshot v1, https://goo.gl/fbAQLP

exports[`setParameters sets the parameter 1`] = `
"┌───────────┬─────────┬─────────────┬─────────────────────────────────────────────────┬─────────┐
│ Name      │ Value   │ Environment │ Updated at                                      │ Version │
├───────────┼─────────┼─────────────┼─────────────────────────────────────────────────┼─────────┤
│ Vault_713 │ Boggart │ production  │ Thursday, May 14th, 2020, 4:21:40 AM (GMT+0000) │ 1       │
└───────────┴─────────┴─────────────┴─────────────────────────────────────────────────┴─────────┘"
`;
