// Jest Snapshot v1, https://goo.gl/fbAQLP

exports[`setParameters sets the parameter 1`] = `
"[90m┌───────────[39m[90m┬─────────[39m[90m┬─────────────[39m[90m┬─────────────────────────────────────────────────[39m[90m┬─────────┐[39m
[90m│[39m[31m Name      [39m[90m│[39m[31m Value   [39m[90m│[39m[31m Environment [39m[90m│[39m[31m Updated at                                      [39m[90m│[39m[31m Version [39m[90m│[39m
[90m├───────────[39m[90m┼─────────[39m[90m┼─────────────[39m[90m┼─────────────────────────────────────────────────[39m[90m┼─────────┤[39m
[90m│[39m Vault_713 [90m│[39m Boggart [90m│[39m production  [90m│[39m Thursday, May 14th, 2020, 4:21:40 AM (GMT+0000) [90m│[39m 1       [90m│[39m
[90m└───────────[39m[90m┴─────────[39m[90m┴─────────────[39m[90m┴─────────────────────────────────────────────────[39m[90m┴─────────┘[39m"
`;
